[www.dpsssiddipet.com/index.html]
[backblue.gif]
[fade.gif]
[index.html]
[www.dpsssiddipet.com/images/school-logo/siddipet-lg.png]
[www.dpsssiddipet.com/assets/vendor/bootstrap/css/bootstrap.min.css]
[www.dpsssiddipet.com/assets/vendor/icofont/icofont.min.css]
[www.dpsssiddipet.com/assets/vendor/boxicons/css/boxicons.min.css]
[www.dpsssiddipet.com/assets/vendor/remixicon/remixicon.css]
[www.dpsssiddipet.com/assets/vendor/owl.carousel/assets/owl.carousel.min.css]
[www.dpsssiddipet.com/assets/vendor/animate.css/animate.min.css]
[www.dpsssiddipet.com/assets/vendor/aos/aos.css]
[cdnjs.cloudflare.com/ajax/libs/font-awesome/6.7.2/css/all.min.css]
[www.dpsssiddipet.com/assets/css/style.css]
[www.dpsssiddipet.com/onlineRegis.html]
[cdn.jsdelivr.net/npm/bootstrap@4.6.2/dist/css/bootstrap.min.css]
[www.dpsssiddipet.com/images/school-logo/360-icon.webp]
[www.dpsssiddipet.com/aboutus.html]
[www.dpsssiddipet.com/principal.html]
[www.dpsssiddipet.com/founder.html]
[www.dpsssiddipet.com/preprimary.html]
[www.dpsssiddipet.com/primarySchool.html]
[www.dpsssiddipet.com/middleSchool.html]
[www.dpsssiddipet.com/beyondacademics.html]
[www.dpsssiddipet.com/assessment.html]
[www.dpsssiddipet.com/education.html]
[www.dpsssiddipet.com/extracurricular.html]
[www.dpsssiddipet.com/cocurricular.html]
[www.dpsssiddipet.com/schoolpermises.html]
[www.dpsssiddipet.com/safety.html]
[www.dpsssiddipet.com/enrollmentGuide.html]
[www.dpsssiddipet.com/ageCriteria.html]
[www.dpsssiddipet.com/documentRequired.html]
[www.dpsssiddipet.com/events.html]
[www.dpsssiddipet.com/gallery.html]
[www.dpsssiddipet.com/transport.html]
[www.dpsssiddipet.com/contact.html]
[www.dpsssiddipet.com/images/home-slider/slider1.jpg]
[www.dpsssiddipet.com/images/home-slider/slider2.jpg]
[www.dpsssiddipet.com/images/home-slider/slider3.jpg]
[www.dpsssiddipet.com/images/home-slider/slider4.jpg]
[www.dpsssiddipet.com/images/home-slider/slider5.jpg]
[www.dpsssiddipet.com/images/home-slider/slider6.jpg]
[www.dpsssiddipet.com/images/home-slider/slider7.jpg]
[www.dpsssiddipet.com/assets/vendor/jquery/jquery.min.js]
[www.dpsssiddipet.com/assets/vendor/bootstrap/js/bootstrap.bundle.min.js]
[www.dpsssiddipet.com/assets/vendor/jquery.easing/jquery.easing.min.js]
[www.dpsssiddipet.com/assets/vendor/php-email-form/validate.js]
[www.dpsssiddipet.com/assets/vendor/waypoints/jquery.waypoints.min.js]
[www.dpsssiddipet.com/assets/vendor/counterup/counterup.min.js]
[www.dpsssiddipet.com/assets/vendor/owl.carousel/owl.carousel.min.js]
[www.dpsssiddipet.com/assets/vendor/aos/aos.js]
[www.dpsssiddipet.com/assets/js/main.js]
[ajax.googleapis.com/ajax/libs/angularjs/1.2.25/angular.min.js]
[ajax.googleapis.com/ajax/libs/angularjs/1.2.25/angular-route.js]
[cdnjs.cloudflare.com/ajax/libs/angular-ui-router/0.2.10/angular-ui-router.js]
[www.dpsssiddipet.com/assets/js/routes.js]
[www.dpsssiddipet.com/assets/js/controller.js]
[www.dpsssiddipet.com/index.html]
[www.dpsssiddipet.com/assets/vendor/bootstrap/css/bootstrap.min.css]
[www.dpsssiddipet.com/assets/vendor/icofont/fonts/icofont.woff2]
[www.dpsssiddipet.com/assets/vendor/icofont/fonts/icofont.woff]
[www.dpsssiddipet.com/assets/vendor/icofont/icofont.min.css]
[www.dpsssiddipet.com/assets/vendor/boxicons/fonts/boxicons.eot]
[www.dpsssiddipet.com/assets/vendor/boxicons/fonts/boxicons.woff2]
[www.dpsssiddipet.com/assets/vendor/boxicons/fonts/boxicons.woff]
[www.dpsssiddipet.com/assets/vendor/boxicons/fonts/boxicons.ttf]
[www.dpsssiddipet.com/assets/vendor/boxicons/css/boxicons.min.css]
[www.dpsssiddipet.com/assets/vendor/remixicon/remixicondf6d.eot]
[www.dpsssiddipet.com/assets/vendor/remixicon/remixicondf6d.woff2]
[www.dpsssiddipet.com/assets/vendor/remixicon/remixicondf6d.woff]
[www.dpsssiddipet.com/assets/vendor/remixicon/remixicondf6d.ttf]
[www.dpsssiddipet.com/assets/vendor/remixicon/remixicon.css]
[www.dpsssiddipet.com/assets/vendor/owl.carousel/assets/owl.video.play.png]
[www.dpsssiddipet.com/assets/vendor/owl.carousel/assets/owl.carousel.min.css]
[www.dpsssiddipet.com/assets/vendor/animate.css/animate.min.css]
[www.dpsssiddipet.com/assets/vendor/aos/aos.css]
[cdnjs.cloudflare.com/ajax/libs/font-awesome/6.7.2/css/all.min.css]
[cdn.jsdelivr.net/npm/bootstrap@4.6.2/dist/css/bootstrap.min.css]
[www.dpsssiddipet.com/img/slider/slide1.jpg]
[www.dpsssiddipet.com/assets/css/style.css]
[ajax.googleapis.com/ajax/libs/jquery/3.7.1/jquery.min.js]
[www.dpsssiddipet.com/onlineRegis.html]
[www.dpsssiddipet.com/images/school-building/school-bld.png]
[www.dpsssiddipet.com/images/school-building/vision.jpg]
[www.dpsssiddipet.com/aboutus.html]
[www.dpsssiddipet.com/images/school-building/dpssidt-principal.jpg]
[www.dpsssiddipet.com/principal.html]
[www.dpsssiddipet.com/images/school-building/dpssidt-chairman.jpg]
[www.dpsssiddipet.com/founder.html]
[www.dpsssiddipet.com/preprimary.html]
[www.dpsssiddipet.com/assets/img/pr.png]
[www.dpsssiddipet.com/primarySchool.html]
[www.dpsssiddipet.com/middleSchool.html]
[www.dpsssiddipet.com/beyondacademics.html]
[www.dpsssiddipet.com/assessment.html]
[www.dpsssiddipet.com/education.html]
[www.dpsssiddipet.com/extracurricular.html]
[www.dpsssiddipet.com/cocurricular.html]
[www.dpsssiddipet.com/assets/img/newpic/librarygirl.jpg]
[www.dpsssiddipet.com/assets/img/fa.png]
[assets-global.website-files.com/5f369f58e2218fa47ddc4e55/5f369f58e2218f4933dc5089_Montessori-Laboratory--icon.png]
[assets-global.website-files.com/5f369f58e2218fa47ddc4e55/5f369f58e2218f1d46dc50ad_Kindergarten-Play-Area-icon.png]
[assets-global.website-files.com/5f369f58e2218fa47ddc4e55/5f369f58e2218f34cfdc50b9_Kiddies’-Pool-icon.png]
[assets-global.website-files.com/5f369f58e2218fa47ddc4e55/5f369f58e2218fa2cbdc5094_Art-&-Craft-Lab-icon.png]
[assets-global.website-files.com/5f369f58e2218fa47ddc4e55/5f369f58e2218fbbbedc5088_library-icon.png]
[assets-global.website-files.com/5f369f58e2218fa47ddc4e55/5f369f58e2218f68a2dc508e_it-hub-icon.png]
[www.dpsssiddipet.com/assets/img/newpic/sunlight.jpg]
[www.dpsssiddipet.com/assets/img/newpic/physical-activity.jpg]
[www.dpsssiddipet.com/assets/img/newpic/indoor activity.jpg]
[www.dpsssiddipet.com/schoolpermises.html]
[www.dpsssiddipet.com/safety.html]
[www.dpsssiddipet.com/enrollmentGuide.html]
[www.dpsssiddipet.com/ageCriteria.html]
[www.dpsssiddipet.com/documentRequired.html]
[www.dpsssiddipet.com/images/school-building/evnt1.jpg]
[www.dpsssiddipet.com/images/school-building/evnt2.jpg]
[www.dpsssiddipet.com/events.html]
[www.dpsssiddipet.com/images/school-building/maintenance-page-dpsssec.png]
[www.dpsssiddipet.com/gallery.html]
[www.dpsssiddipet.com/transport.html]
[www.dpsssiddipet.com/contact.html]
[www.dpsssiddipet.com/images/home-slider/slider2.jpg]
[www.dpsssiddipet.com/images/home-slider/slider3.jpg]
[www.dpsssiddipet.com/images/home-slider/slider4.jpg]
[www.dpsssiddipet.com/images/home-slider/slider5.jpg]
[www.dpsssiddipet.com/images/home-slider/slider6.jpg]
[www.dpsssiddipet.com/assets/vendor/icofont/fonts/icofont.woff2]
[www.dpsssiddipet.com/assets/vendor/icofont/fonts/icofont.woff]
[www.dpsssiddipet.com/assets/vendor/boxicons/fonts/boxicons.woff]
[www.dpsssiddipet.com/assets/vendor/boxicons/fonts/boxiconsd41d.svg]
[www.dpsssiddipet.com/assets/vendor/remixicon/remixicondf6d.ttf]
[www.dpsssiddipet.com/assets/vendor/remixicon/remixicondf6d.eot]
[www.dpsssiddipet.com/assets/vendor/remixicon/remixicondf6d.svg]
[www.dpsssiddipet.com/images/school-building/school-bld.png]
[www.dpsssiddipet.com/images/school-building/vision.jpg]
[www.dpsssiddipet.com/assets/img/newpic/librarygirl.jpg]
[www.dpsssiddipet.com/assets/img/fa.png]
[www.dpsssiddipet.com/assets/img/newpic/physical-activity.jpg]
[www.dpsssiddipet.com/assets/img/newpic/indoor activity.jpg]
[www.dpsssiddipet.com/images/school-building/evnt1.jpg]
[www.dpsssiddipet.com/assets/img/newpic/librarygirl.jpg]
[www.dpsssiddipet.com/assets/img/newpic/indoor activity.jpg]
